// Vitest Snapshot v1, https://vitest.dev/guide/snapshot.html

exports[`Matches snapshot 1`] = `
<DocumentFragment>
  <div
    class="not-found container flex h-screen flex-col justify-center gap-6"
  >
    <h1
      class="text-3xl font-bold"
    >
      Page not found
    </h1>
    <p
      class="text-2xl"
    >
      The requested page couldn't be located. Checkout for any URL misspelling or
    </p>
    <a
      href="/"
    >
      <button
        class="inline-flex items-center justify-center whitespace-nowrap rounded-md text-sm font-medium ring-offset-background transition-colors focus-visible:outline-none focus-visible:ring-2 focus-visible:ring-ring focus-visible:ring-offset-2 disabled:pointer-events-none disabled:opacity-50 bg-primary text-primary-foreground hover:bg-primary/90 h-10 px-4 py-2"
        type="button"
      >
        Return to the homepage
      </button>
    </a>
  </div>
</DocumentFragment>
`;
