// Vitest Snapshot v1, https://vitest.dev/guide/snapshot.html

exports[`Matches snapshot 1`] = `
<DocumentFragment>
  <div
    class="w-full"
  >
    <span
      class="flex w-full items-center justify-center text-sm text-muted-foreground"
    >
      <svg
        class="lucide lucide-loader2 mr-1 size-5 animate-spin"
        fill="none"
        height="24"
        stroke="currentColor"
        stroke-linecap="round"
        stroke-linejoin="round"
        stroke-width="2"
        viewBox="0 0 24 24"
        width="24"
        xmlns="http://www.w3.org/2000/svg"
      >
        <path
          d="M21 12a9 9 0 1 1-6.219-8.56"
        />
      </svg>
       Loading ...
    </span>
  </div>
</DocumentFragment>
`;
