// Vitest Snapshot v1, https://vitest.dev/guide/snapshot.html

exports[`Matches snapshot 1`] = `
<DocumentFragment>
  PrivacyPolicy
</DocumentFragment>
`;
